Warning: Route file should be sorted by departure time, ignoring 'bus_main'!
Warning: Route file should be sorted by departure time, ignoring 'truck_orr'!
Warning: Route file should be sorted by departure time, ignoring 'car_orr'!
Warning: Route file should be sorted by departure time, ignoring 'car_orr_return'!
Warning: Route file should be sorted by departure time, ignoring 'hospital_traffic'!
Warning: No connection between edge 'J26_J25' and edge 'J22_J23' found.
Warning: No route for vehicle 'auto_west.0' found.
Warning: No connection between edge 'J26_J25' and edge 'J22_J23' found.
Warning: No route for vehicle 'auto_west.1' found.
Warning: No connection between edge 'J26_J25' and edge 'J22_J23' found.
Warning: No route for vehicle 'auto_west.2' found.
Warning: No connection between edge 'J26_J25' and edge 'J22_J23' found.
Warning: No route for vehicle 'auto_west.3' found.
Warning: No connection between edge 'J26_J25' and edge 'J22_J23' found.
Warning: No route for vehicle 'auto_west.4' found.
Warning: No connection between edge 'J26_J25' and edge 'J22_J23' found.
Warning: No route for vehicle 'auto_west.5' found.
Warning: No connection between edge 'J26_J25' and edge 'J22_J23' found.
Warning: No route for vehicle 'auto_west.6' found.
Warning: No connection between edge 'J26_J25' and edge 'J22_J23' found.
Warning: No route for vehicle 'auto_west.7' found.
Warning: No connection between edge 'J26_J25' and edge 'J22_J23' found.
Warning: No route for vehicle 'auto_west.8' found.
Warning: No connection between edge 'J26_J25' and edge 'J22_J23' found.
Warning: No route for vehicle 'auto_west.9' found.
Warning: No connection between edge 'J26_J25' and edge 'J22_J23' found.
Warning: No route for vehicle 'auto_west.10' found.
Warning: No connection between edge 'J26_J25' and edge 'J22_J23' found.
Warning: No route for vehicle 'auto_west.11' found.
Warning: No connection between edge 'J26_J25' and edge 'J22_J23' found.
Warning: No route for vehicle 'auto_west.12' found.
Warning: No connection between edge 'J26_J25' and edge 'J22_J23' found.
Warning: No route for vehicle 'auto_west.13' found.
Warning: No connection between edge 'J26_J25' and edge 'J22_J23' found.
Warning: No route for vehicle 'auto_west.14' found.
Warning: No connection between edge 'J26_J25' and edge 'J22_J23' found.
Warning: No route for vehicle 'auto_west.15' found.
Warning: No connection between edge 'J26_J25' and edge 'J22_J23' found.
Warning: No route for vehicle 'auto_west.16' found.
Warning: No connection between edge 'J26_J25' and edge 'J22_J23' found.
Warning: No route for vehicle 'auto_west.17' found.
Warning: No connection between edge 'J26_J25' and edge 'J22_J23' found.
Warning: No route for vehicle 'auto_west.18' found.
Warning: No connection between edge 'J26_J25' and edge 'J22_J23' found.
Warning: No route for vehicle 'auto_west.19' found.
Warning: No connection between edge 'J26_J25' and edge 'J22_J23' found.
Warning: No route for vehicle 'auto_west.20' found.
Warning: No connection between edge 'J26_J25' and edge 'J22_J23' found.
Warning: No route for vehicle 'auto_west.21' found.
Warning: No connection between edge 'J26_J25' and edge 'J22_J23' found.
Warning: No route for vehicle 'auto_west.22' found.
Warning: No connection between edge 'J26_J25' and edge 'J22_J23' found.
Warning: No route for vehicle 'auto_west.23' found.
Warning: No connection between edge 'J26_J25' and edge 'J22_J23' found.
Warning: No route for vehicle 'auto_west.24' found.
Warning: No connection between edge 'J26_J25' and edge 'J22_J23' found.
Warning: No route for vehicle 'auto_west.25' found.
Warning: No connection between edge 'J26_J25' and edge 'J22_J23' found.
Warning: No route for vehicle 'auto_west.26' found.
Warning: No connection between edge 'J26_J25' and edge 'J22_J23' found.
Warning: No route for vehicle 'auto_west.27' found.
Warning: No connection between edge 'J26_J25' and edge 'J22_J23' found.
Warning: No route for vehicle 'auto_west.28' found.
Warning: No connection between edge 'J26_J25' and edge 'J22_J23' found.
Warning: No route for vehicle 'auto_west.29' found.
Warning: No connection between edge 'J26_J25' and edge 'J22_J23' found.
Warning: No route for vehicle 'auto_west.30' found.
Warning: No connection between edge 'J26_J25' and edge 'J22_J23' found.
Warning: No route for vehicle 'auto_west.31' found.
Warning: No connection between edge 'J26_J25' and edge 'J22_J23' found.
Warning: No route for vehicle 'auto_west.32' found.
Warning: No connection between edge 'J26_J25' and edge 'J22_J23' found.
Warning: No route for vehicle 'auto_west.33' found.
Warning: No connection between edge 'J26_J25' and edge 'J22_J23' found.
Warning: No route for vehicle 'auto_west.34' found.
Warning: No connection between edge 'J26_J25' and edge 'J22_J23' found.
Warning: No route for vehicle 'auto_west.35' found.
Warning: No connection between edge 'J26_J25' and edge 'J22_J23' found.
Warning: No route for vehicle 'auto_west.36' found.
Warning: No connection between edge 'J26_J25' and edge 'J22_J23' found.
Warning: No route for vehicle 'auto_west.37' found.
Warning: No connection between edge 'J26_J25' and edge 'J22_J23' found.
Warning: No route for vehicle 'auto_west.38' found.
Warning: No connection between edge 'J26_J25' and edge 'J22_J23' found.
Warning: No route for vehicle 'auto_west.39' found.
Warning: No connection between edge 'J26_J25' and edge 'J22_J23' found.
Warning: No route for vehicle 'auto_west.40' found.
Warning: No connection between edge 'J26_J25' and edge 'J22_J23' found.
Warning: No route for vehicle 'auto_west.41' found.
Warning: No connection between edge 'J26_J25' and edge 'J22_J23' found.
Warning: No route for vehicle 'auto_west.42' found.
Warning: No connection between edge 'J26_J25' and edge 'J22_J23' found.
Warning: No route for vehicle 'auto_west.43' found.
Warning: No connection between edge 'J26_J25' and edge 'J22_J23' found.
Warning: No route for vehicle 'auto_west.44' found.
Warning: No connection between edge 'J26_J25' and edge 'J22_J23' found.
Warning: No route for vehicle 'auto_west.45' found.
Warning: No connection between edge 'J26_J25' and edge 'J22_J23' found.
Warning: No route for vehicle 'auto_west.46' found.
Warning: No connection between edge 'J26_J25' and edge 'J22_J23' found.
Warning: No route for vehicle 'auto_west.47' found.
Warning: No connection between edge 'J26_J25' and edge 'J22_J23' found.
Warning: No route for vehicle 'auto_west.48' found.
Warning: No connection between edge 'J26_J25' and edge 'J22_J23' found.
Warning: No route for vehicle 'auto_west.49' found.
Warning: No connection between edge 'J26_J25' and edge 'J22_J23' found.
Warning: No route for vehicle 'auto_west.50' found.
Warning: No connection between edge 'J26_J25' and edge 'J22_J23' found.
Warning: No route for vehicle 'auto_west.51' found.
Warning: No connection between edge 'J26_J25' and edge 'J22_J23' found.
Warning: No route for vehicle 'auto_west.52' found.
Warning: No connection between edge 'J26_J25' and edge 'J22_J23' found.
Warning: No route for vehicle 'auto_west.53' found.
Warning: No connection between edge 'J26_J25' and edge 'J22_J23' found.
Warning: No route for vehicle 'auto_west.54' found.
Warning: No connection between edge 'J26_J25' and edge 'J22_J23' found.
Warning: No route for vehicle 'auto_west.55' found.
Warning: No connection between edge 'J26_J25' and edge 'J22_J23' found.
Warning: No route for vehicle 'auto_west.56' found.
Warning: No connection between edge 'J26_J25' and edge 'J22_J23' found.
Warning: No route for vehicle 'auto_west.57' found.
Warning: No connection between edge 'J26_J25' and edge 'J22_J23' found.
Warning: No route for vehicle 'auto_west.58' found.
Warning: No connection between edge 'J26_J25' and edge 'J22_J23' found.
Warning: No route for vehicle 'auto_west.59' found.
Warning: No connection between edge 'J26_J25' and edge 'J22_J23' found.
Warning: No route for vehicle 'auto_west.60' found.
Warning: No connection between edge 'J26_J25' and edge 'J22_J23' found.
Warning: No route for vehicle 'auto_west.61' found.
Warning: No connection between edge 'J26_J25' and edge 'J22_J23' found.
Warning: No route for vehicle 'auto_west.62' found.
Warning: No connection between edge 'J26_J25' and edge 'J22_J23' found.
Warning: No route for vehicle 'auto_west.63' found.
Warning: No connection between edge 'J26_J25' and edge 'J22_J23' found.
Warning: No route for vehicle 'auto_west.64' found.
Warning: No connection between edge 'J26_J25' and edge 'J22_J23' found.
Warning: No route for vehicle 'auto_west.65' found.
Warning: No connection between edge 'J26_J25' and edge 'J22_J23' found.
Warning: No route for vehicle 'auto_west.66' found.
Warning: No connection between edge 'J26_J25' and edge 'J22_J23' found.
Warning: No route for vehicle 'auto_west.67' found.
Warning: No connection between edge 'J26_J25' and edge 'J22_J23' found.
Warning: No route for vehicle 'auto_west.68' found.
Warning: No connection between edge 'J26_J25' and edge 'J22_J23' found.
Warning: No route for vehicle 'auto_west.69' found.
Warning: No connection between edge 'J26_J25' and edge 'J22_J23' found.
Warning: No route for vehicle 'auto_west.70' found.
Warning: No connection between edge 'J26_J25' and edge 'J22_J23' found.
Warning: No route for vehicle 'auto_west.71' found.
Warning: No connection between edge 'J26_J25' and edge 'J22_J23' found.
Warning: No route for vehicle 'auto_west.72' found.
Warning: No connection between edge 'J26_J25' and edge 'J22_J23' found.
Warning: No route for vehicle 'auto_west.73' found.
Warning: No connection between edge 'J26_J25' and edge 'J22_J23' found.
Warning: No route for vehicle 'auto_west.74' found.
Warning: No connection between edge 'J26_J25' and edge 'J22_J23' found.
Warning: No route for vehicle 'auto_west.75' found.
Warning: No connection between edge 'J26_J25' and edge 'J22_J23' found.
Warning: No route for vehicle 'auto_west.76' found.
Warning: No connection between edge 'J26_J25' and edge 'J22_J23' found.
Warning: No route for vehicle 'auto_west.77' found.
Warning: No connection between edge 'J26_J25' and edge 'J22_J23' found.
Warning: No route for vehicle 'auto_west.78' found.
Warning: No connection between edge 'J26_J25' and edge 'J22_J23' found.
Warning: No route for vehicle 'auto_west.79' found.
Warning: No connection between edge 'J26_J25' and edge 'J22_J23' found.
Warning: No route for vehicle 'auto_west.80' found.
Warning: No connection between edge 'J26_J25' and edge 'J22_J23' found.
Warning: No route for vehicle 'auto_west.81' found.
Warning: No connection between edge 'J26_J25' and edge 'J22_J23' found.
Warning: No route for vehicle 'auto_west.82' found.
Warning: No connection between edge 'J26_J25' and edge 'J22_J23' found.
Warning: No route for vehicle 'auto_west.83' found.
Warning: No connection between edge 'J26_J25' and edge 'J22_J23' found.
Warning: No route for vehicle 'auto_west.84' found.
Warning: No connection between edge 'J26_J25' and edge 'J22_J23' found.
Warning: No route for vehicle 'auto_west.85' found.
Warning: No connection between edge 'J26_J25' and edge 'J22_J23' found.
Warning: No route for vehicle 'auto_west.86' found.
Warning: No connection between edge 'J26_J25' and edge 'J22_J23' found.
Warning: No route for vehicle 'auto_west.87' found.
Warning: No connection between edge 'J26_J25' and edge 'J22_J23' found.
Warning: No route for vehicle 'auto_west.88' found.
Warning: No connection between edge 'J26_J25' and edge 'J22_J23' found.
Warning: No route for vehicle 'auto_west.89' found.
Warning: No connection between edge 'J26_J25' and edge 'J22_J23' found.
Warning: No route for vehicle 'auto_west.90' found.
Warning: No connection between edge 'J26_J25' and edge 'J22_J23' found.
Warning: No route for vehicle 'auto_west.91' found.
Warning: No connection between edge 'J26_J25' and edge 'J22_J23' found.
Warning: No route for vehicle 'auto_west.92' found.
Warning: No connection between edge 'J26_J25' and edge 'J22_J23' found.
Warning: No route for vehicle 'auto_west.93' found.
Warning: No connection between edge 'J26_J25' and edge 'J22_J23' found.
Warning: No route for vehicle 'auto_west.94' found.
Warning: No connection between edge 'J26_J25' and edge 'J22_J23' found.
Warning: No route for vehicle 'auto_west.95' found.
Warning: No connection between edge 'J26_J25' and edge 'J22_J23' found.
Warning: No route for vehicle 'auto_west.96' found.
Warning: No connection between edge 'J26_J25' and edge 'J22_J23' found.
Warning: No route for vehicle 'auto_west.97' found.
Warning: No connection between edge 'J26_J25' and edge 'J22_J23' found.
Warning: No route for vehicle 'auto_west.98' found.
Warning: No connection between edge 'J26_J25' and edge 'J22_J23' found.
Warning: No route for vehicle 'auto_west.99' found.
Warning: No connection between edge 'J26_J25' and edge 'J22_J23' found.
Warning: No route for vehicle 'auto_west.100' found.
Warning: No connection between edge 'J26_J25' and edge 'J22_J23' found.
Warning: No route for vehicle 'auto_west.101' found.
Warning: No connection between edge 'J26_J25' and edge 'J22_J23' found.
Warning: No route for vehicle 'auto_west.102' found.
Warning: No connection between edge 'J26_J25' and edge 'J22_J23' found.
Warning: No route for vehicle 'auto_west.103' found.
Warning: No connection between edge 'J26_J25' and edge 'J22_J23' found.
Warning: No route for vehicle 'auto_west.104' found.
Warning: No connection between edge 'J26_J25' and edge 'J22_J23' found.
Warning: No route for vehicle 'auto_west.105' found.
Warning: No connection between edge 'J26_J25' and edge 'J22_J23' found.
Warning: No route for vehicle 'auto_west.106' found.
Warning: No connection between edge 'J26_J25' and edge 'J22_J23' found.
Warning: No route for vehicle 'auto_west.107' found.
Warning: No connection between edge 'J26_J25' and edge 'J22_J23' found.
Warning: No route for vehicle 'auto_west.108' found.
Warning: No connection between edge 'J26_J25' and edge 'J22_J23' found.
Warning: No route for vehicle 'auto_west.109' found.
Warning: No connection between edge 'J26_J25' and edge 'J22_J23' found.
Warning: No route for vehicle 'auto_west.110' found.
Warning: No connection between edge 'J26_J25' and edge 'J22_J23' found.
Warning: No route for vehicle 'auto_west.111' found.
Warning: No connection between edge 'J26_J25' and edge 'J22_J23' found.
Warning: No route for vehicle 'auto_west.112' found.
Warning: No connection between edge 'J26_J25' and edge 'J22_J23' found.
Warning: No route for vehicle 'auto_west.113' found.
Warning: No connection between edge 'J26_J25' and edge 'J22_J23' found.
Warning: No route for vehicle 'auto_west.114' found.
Warning: No connection between edge 'J26_J25' and edge 'J22_J23' found.
Warning: No route for vehicle 'auto_west.115' found.
Warning: No connection between edge 'J26_J25' and edge 'J22_J23' found.
Warning: No route for vehicle 'auto_west.116' found.
Warning: No connection between edge 'J26_J25' and edge 'J22_J23' found.
Warning: No route for vehicle 'auto_west.117' found.
Warning: No connection between edge 'J26_J25' and edge 'J22_J23' found.
Warning: No route for vehicle 'auto_west.118' found.
Warning: No connection between edge 'J26_J25' and edge 'J22_J23' found.
Warning: No route for vehicle 'auto_west.119' found.
Warning: No connection between edge 'J26_J25' and edge 'J22_J23' found.
Warning: No route for vehicle 'auto_west.120' found.
Warning: No connection between edge 'J26_J25' and edge 'J22_J23' found.
Warning: No route for vehicle 'auto_west.121' found.
Warning: No connection between edge 'J26_J25' and edge 'J22_J23' found.
Warning: No route for vehicle 'auto_west.122' found.
Warning: No connection between edge 'J26_J25' and edge 'J22_J23' found.
Warning: No route for vehicle 'auto_west.123' found.
Warning: No connection between edge 'J26_J25' and edge 'J22_J23' found.
Warning: No route for vehicle 'auto_west.124' found.
Warning: No connection between edge 'J26_J25' and edge 'J22_J23' found.
Warning: No route for vehicle 'auto_west.125' found.
Warning: No connection between edge 'J26_J25' and edge 'J22_J23' found.
Warning: No route for vehicle 'auto_west.126' found.
Warning: No connection between edge 'J26_J25' and edge 'J22_J23' found.
Warning: No route for vehicle 'auto_west.127' found.
Warning: No connection between edge 'J26_J25' and edge 'J22_J23' found.
Warning: No route for vehicle 'auto_west.128' found.
