***Starting server on port 50796 ***
Loading net-file from 'C:\Users\chapp\Desktop\Major Project\AI Traffic Control\simulation\bengaluru_structured\bengaluru_structured.net.xml' ... done (25ms).
Loading additional-files from 'C:\Users\chapp\Desktop\Major Project\AI Traffic Control\simulation\bengaluru_structured\bengaluru_structured.add.xml' ... done (1ms).
Loading route-files incrementally from 'C:\Users\chapp\Desktop\Major Project\AI Traffic Control\simulation\bengaluru_structured\bengaluru_structured.rou.xml'
Loading done.
Simulation started with time: 0.00.
Warning: Route file should be sorted by departure time, ignoring 'bus_main'!
Warning: Route file should be sorted by departure time, ignoring 'truck_orr'!
Warning: Route file should be sorted by departure time, ignoring 'car_orr'!
Warning: Route file should be sorted by departure time, ignoring 'car_orr_return'!
Warning: Route file should be sorted by departure time, ignoring 'hospital_traffic'!
Simulation ended at time: 534.00.
Reason: TraCI requested termination.
Performance:
 Duration: 417.77s
 TraCI-Duration: 6.56s
 Real time factor: 1.27822
 UPS: 572.572750
Vehicles:
 Inserted: 874 (Loaded: 1279)
 Running: 835
 Waiting: 405
DijkstraRouter answered 2450 queries and explored 161.67 edges on average.
DijkstraRouter spent 0.14s answering queries (0.06ms on average).
