***Starting server on port 52126 ***
Loading net-file from 'C:\Users\chapp\Desktop\Major Project\AI Traffic Control\simulation\bengaluru_structured\bengaluru_structured.net.xml' ... done (31ms).
Loading additional-files from 'C:\Users\chapp\Desktop\Major Project\AI Traffic Control\simulation\bengaluru_structured\bengaluru_structured.add.xml' ... done (1ms).
Loading route-files incrementally from 'C:\Users\chapp\Desktop\Major Project\AI Traffic Control\simulation\bengaluru_structured\bengaluru_structured.rou.xml'
Loading done.
Simulation started with time: 0.00.
Warning: Route file should be sorted by departure time, ignoring 'bus_main'!
Warning: Route file should be sorted by departure time, ignoring 'truck_orr'!
Warning: Route file should be sorted by departure time, ignoring 'car_orr'!
Warning: Route file should be sorted by departure time, ignoring 'car_orr_return'!
Warning: Route file should be sorted by departure time, ignoring 'hospital_traffic'!
Simulation ended at time: 459.00.
Reason: TraCI requested termination.
Performance:
 Duration: 56.30s
 TraCI-Duration: 5.72s
 Real time factor: 8.15304
 UPS: 3188.621265
Vehicles:
 Inserted: 772 (Loaded: 1095)
 Running: 744
 Waiting: 323
DijkstraRouter answered 1880 queries and explored 159.22 edges on average.
DijkstraRouter spent 0.14s answering queries (0.07ms on average).
