***Starting server on port 64509 ***
Loading net-file from 'C:\Users\chapp\Desktop\Major Project\AI Traffic Control\simulation\bengaluru_structured\bengaluru_structured.net.xml' ... done (32ms).
Loading additional-files from 'C:\Users\chapp\Desktop\Major Project\AI Traffic Control\simulation\bengaluru_structured\bengaluru_structured.add.xml' ... done (0ms).
Loading route-files incrementally from 'C:\Users\chapp\Desktop\Major Project\AI Traffic Control\simulation\bengaluru_structured\bengaluru_structured.rou.xml'
Loading done.
Simulation started with time: 0.00.
Warning: Route file should be sorted by departure time, ignoring 'bus_main'!
Warning: Route file should be sorted by departure time, ignoring 'truck_orr'!
Warning: Route file should be sorted by departure time, ignoring 'car_orr'!
Warning: Route file should be sorted by departure time, ignoring 'car_orr_return'!
Warning: Route file should be sorted by departure time, ignoring 'hospital_traffic'!
Simulation ended at time: 638.00.
Reason: TraCI requested termination.
Performance:
 Duration: 57.23s
 TraCI-Duration: 7.44s
 Real time factor: 11.1482
 UPS: 5816.369323
Vehicles:
 Inserted: 1017 (Loaded: 1533)
 Running: 938
 Waiting: 516
DijkstraRouter answered 3396 queries and explored 163.77 edges on average.
DijkstraRouter spent 0.18s answering queries (0.05ms on average).
